{
  "message":"failed to register: cannot create same name user: duplicate entry"
}
