{
  "message":"invalid character '\"' after object key"
}
