{
  "name": "tes1234",
  "password": "pass",
  "ro" "user"
}
