{
  "message":"Key: 'Role' Error:Field validation for 'Role' failed on the 'required' tag"
}
