{
  "name": "tes",
  "password": "pass",
  "role": "user"
}
