{
  "id": 1,
  "title": "test1",
  "status": "todo",
  "user_id": 1,
  "created": "2022-04-01T00:00:00+09:00",
  "modified": "2022-04-01T00:00:00+09:00"
}
